> Defined sq
> Defined avg
> = 3.162
> = 3.162
> = 0.000178
> =  1.5
> Defined iif
> =    2
> 